
Total_time____:    0.290 [sec]  (user: 100.0%, system:  0.0%)

